[INFO] Scanning for projects...
[INFO] 
[INFO] ------------------------< com.varutri:honeypot >------------------------
[INFO] Building Varutri Honeypot 1.0.0
[INFO]   from pom.xml
[INFO] --------------------------------[ jar ]---------------------------------
[INFO] 
[INFO] --- resources:3.3.1:resources (default-resources) @ honeypot ---
[INFO] Copying 1 resource from src\main\resources to target\classes
[INFO] Copying 0 resource from src\main\resources to target\classes
[INFO] 
[INFO] --- compiler:3.13.0:compile (default-compile) @ honeypot ---
[INFO] Nothing to compile - all classes are up to date.
[INFO] ------------------------------------------------------------------------
[INFO] BUILD SUCCESS
[INFO] ------------------------------------------------------------------------
[INFO] Total time:  1.858 s
[INFO] Finished at: 2026-02-03T23:21:53+05:30
[INFO] ------------------------------------------------------------------------
